15:41:38 **** Incremental Build of configuration Debug for project mpu6050_i2c ****
make -j18 all 
arm-none-eabi-gcc "../Core/Src/main.c" -mcpu=cortex-m0plus -std=gnu11 -g3 -DDEBUG -DUSE_HAL_DRIVER -DSTM32L072xx -c -I../Core/Inc -I../Drivers/STM32L0xx_HAL_Driver/Inc -I../Drivers/STM32L0xx_HAL_Driver/Inc/Legacy -I../Drivers/CMSIS/Device/ST/STM32L0xx/Include -I../Drivers/CMSIS/Include -O0 -ffunction-sections -fdata-sections -Wall -fstack-usage -fcyclomatic-complexity -MMD -MP -MF"Core/Src/main.d" -MT"Core/Src/main.o" --specs=nano.specs -mfloat-abi=soft -mthumb -o "Core/Src/main.o"
../Core/Src/main.c: In function 'main':
../Core/Src/main.c:118:9: warning: implicit declaration of function 'printf' [-Wimplicit-function-declaration]
  118 |         printf("The value of a is %d\n",a);
      |         ^~~~~~
../Core/Src/main.c:21:1: note: include '<stdio.h>' or provide a declaration of 'printf'
   20 | #include "main.h"
  +++ |+#include <stdio.h>
   21 | 
../Core/Src/main.c:118:9: warning: incompatible implicit declaration of built-in function 'printf' [-Wbuiltin-declaration-mismatch]
  118 |         printf("The value of a is %d\n",a);
      |         ^~~~~~
../Core/Src/main.c:118:9: note: include '<stdio.h>' or provide a declaration of 'printf'
arm-none-eabi-gcc -o "mpu6050_i2c.elf" @"objects.list"   -mcpu=cortex-m0plus -T"C:\Users\Syed Fardin\Desktop\Coding\mpu6050-stm32\mpu6050_i2c\STM32L072CZYX_FLASH.ld" --specs=nosys.specs -Wl,-Map="mpu6050_i2c.map" -Wl,--gc-sections -static --specs=nano.specs -mfloat-abi=soft -mthumb -Wl,--start-group -lc -lm -Wl,--end-group
Finished building target: mpu6050_i2c.elf
 
arm-none-eabi-size  mpu6050_i2c.elf 
arm-none-eabi-objdump -h -S mpu6050_i2c.elf  > "mpu6050_i2c.list"
   text	   data	    bss	    dec	    hex	filename
  20144	    104	   2168	  22416	   5790	mpu6050_i2c.elf
Finished building: default.size.stdout
 
Finished building: mpu6050_i2c.list
 

15:41:38 Build Finished. 0 errors, 2 warnings. (took 722ms)

