22:22:42 **** Incremental Build of configuration Debug for project mpu6050_i2c ****
make -j18 all 
arm-none-eabi-gcc "../Core/Src/main.c" -mcpu=cortex-m0plus -std=gnu11 -g3 -DDEBUG -DUSE_HAL_DRIVER -DSTM32L072xx -c -I../Core/Inc -I../Drivers/STM32L0xx_HAL_Driver/Inc -I../Drivers/STM32L0xx_HAL_Driver/Inc/Legacy -I../Drivers/CMSIS/Device/ST/STM32L0xx/Include -I../Drivers/CMSIS/Include -I"C:/Users/Syed Fardin/Desktop/Coding/mpu6050-stm32/mpu6050_i2c/mpu6050" -O0 -ffunction-sections -fdata-sections -Wall -fstack-usage -fcyclomatic-complexity -MMD -MP -MF"Core/Src/main.d" -MT"Core/Src/main.o" --specs=nano.specs -mfloat-abi=soft -mthumb -o "Core/Src/main.o"
arm-none-eabi-gcc -o "mpu6050_i2c.elf" @"objects.list"   -mcpu=cortex-m0plus -T"C:\Users\Syed Fardin\Desktop\Coding\mpu6050-stm32\mpu6050_i2c\STM32L072CZYX_FLASH.ld" --specs=nosys.specs -Wl,-Map="mpu6050_i2c.map" -Wl,--gc-sections -static --specs=nano.specs -mfloat-abi=soft -mthumb -Wl,--start-group -lc -lm -Wl,--end-group
Finished building target: mpu6050_i2c.elf
 
arm-none-eabi-size  mpu6050_i2c.elf 
arm-none-eabi-objdump -h -S mpu6050_i2c.elf  > "mpu6050_i2c.list"
   text	   data	    bss	    dec	    hex	filename
  24444	    104	   2248	  26796	   68ac	mpu6050_i2c.elf
Finished building: default.size.stdout
 
Finished building: mpu6050_i2c.list
 

22:22:43 Build Finished. 0 errors, 0 warnings. (took 723ms)

